i-07d202ba4944df11f	[2J[01;01H[=3h[2J[01;01H[2J[01;01H[=3h[2J[01;01H[2J[01;01H[=3h[2J[01;01H[0m[35m[40m[2J[01;01H[=3h[2J[01;01H[0m[37m[40m  Booting `Amazon Linux (6.18.48-107.148.amzn2023.x86_64) 2023'

[    3.100031] RPC: Registered named UNIX socket transport module.
[    3.100749] RPC: Registered udp transport module.
[    3.101387] RPC: Registered tcp transport module.
[    3.102018] RPC: Registered tcp-with-tls transport module.
[    3.102795] RPC: Registered tcp NFSv4.1 backchannel transport module.
[    3.231492] input: Power Button as /devices/LNXSYSTM:00/LNXPWRBN:00/input/input0
[    3.246436] ena 0000:00:05.0: Elastic Network Adapter (ENA) v2.17.2g
[    3.259045] ena 0000:00:05.0: ENA device version: 0.10
[    3.259686] ena 0000:00:05.0: ENA controller version: 0.0.1 implementation version 1
[    3.273658] ACPI: button: Power Button [PWRF]
[    3.274228] input: Sleep Button as /devices/LNXSYSTM:00/LNXSLPBN:00/input/input1
[    3.277214] ACPI: button: Sleep Button [SLPF]
[    3.318137] i8042: PNP: PS/2 Controller [PNP0303:KBD,PNP0f13:MOU] at 0x60,0x64 irq 1,12
[    3.319351] i8042: Warning: Keylock active
[    3.321214] serio: i8042 KBD port at 0x60,0x64 irq 1
[    3.321758] serio: i8042 AUX port at 0x60,0x64 irq 12
[    3.341761] ena 0000:00:05.0: LLQ is not supported Fallback to host mode policy.
[    3.355456] ena 0000:00:05.0: Elastic Network Adapter (ENA) found at mem c0400000, mac addr 0a:ff:e8:5a:45:d5
[    3.374636] ena 0000:00:05.0 ens5: renamed from eth0
[    3.418753] nvme nvme0: using unchecked data buffer
[    3.519812] zram_generator::config[1880]: zram0: system has too much memory (3835MB), limit is 800MB, ignoring.
[    5.419056] nodeadm-internal[1984]: info boot-book/hook.go:56 Waiting for consistent network interfaces..
[    5.471675] nodeadm-internal[1984]: info system/networking.go:83 checking link states...
[    5.479165] nodeadm-internal[1984]: info system/networking.go:119 secondary link unmanaged {"linkName": "lo"}
[    5.481146] nodeadm-internal[1984]: info system/networking.go:109 link configured {"linkName": "ens5"}
[    5.482834] nodeadm-internal[1984]: info boot-book/hook.go:60 Completed boot hook!
[    5.537128] nodeadm[1998]: info init/init.go:55 Checking user is root..
[    5.538515] nodeadm[1998]: info init/init.go:65 Loading configuration.. {"configSource": ["imds://user-data"], "configCache": "/run/eks/nodeadm/config.json"}
[    5.541028] nodeadm[1998]: warn cli/config.go:25 failed to load cached config {"error": "open /run/eks/nodeadm/config.json: no such file or directory"}
[    5.544755] nodeadm[1998]: info init/init.go:75 Setting up nodeadm environment aspect...
[    5.546375] nodeadm[1998]: info init/init.go:84 Enriching configuration..
[    5.547672] nodeadm[1998]: info init/init.go:165 Fetching kubelet version..
[    5.549051] nodeadm[1998]: info kubelet/version.go:30 Reading kubelet version from file {"path": "/etc/eks/kubelet-version.txt"}
[    5.551137] nodeadm[1998]: info init/init.go:171 Fetched kubelet version {"version": "v1.36.4"}
[    5.552732] nodeadm[1998]: info init/init.go:172 Fetching instance details..
[    5.556981] nodeadm[1998]: SDK 2026/09/23 05:10:26 DEBUG attempting waiter request, attempt count: 1
[    5.707797] nodeadm[1998]: info init/init.go:202 Instance details populated {"details": {"id":"i-07d202ba4944df11f","region":"ap-south-1","type":"t3.medium","availabilityZone":"ap-south-1b","mac":"0a:ff:e8:5a:45:d5","privateDnsName":"ip-10-0-2-130.ap-south-1.compute.internal"}}
[    5.712191] nodeadm[1998]: info init/init.go:203 Fetching default options...
[    5.713558] nodeadm[1998]: info init/init.go:207 Default options populated {"defaults": {"sandboxImage":"localhost/kubernetes/pause:latest"}}
[    5.715825] nodeadm[1998]: info init/init.go:89 Loaded configuration {"config": {"metadata":{},"spec":{"cluster":{"name":"eks-observability","apiServerEndpoint":"https://2A074D11EA54A6B63A7C2EEFA86912A5.gr7.ap-south-1.eks.amazonaws.com","certificateAuthority":"LS0tLS1CRUdJTiBDRVJUSUZJQ0FURS0tLS0tCk1JSURNakNDQWhxZ0F3SUJBZ0lSQU1hMTBiZEJkZ0cwZjJ4SFp3bDIwa0F3RFFZSktvWklodmNOQVFFTEJRQXcKSnpFUU1BNEdBMVVFQ2hNSFFWZFRJRVZMVXpFVE1CRUdBMVVFQXhNS2EzVmlaWEp1WlhSbGN6QWVGdzB5TmpBNQpNak13TkRFNE16TmFGdzB6TVRBNU1qSXdOREU0TXpOYU1DY3hFREFPQmdOVkJBb1RCMEZYVXlCRlMxTXhFekFSCkJnTlZCQU1UQ210MVltVnlibVYwWlhNd2dnRWlNQTBHQ1NxR1NJYjNEUUVCQVFVQUE0SUJEd0F3Z2dFS0FvSUIKQVFEVUFvckFnc0c2bmo0SGpJMVlpQmlPUllkTG9aeW51Mk5nT21hNkhQNkp5M0hZQkNuRjFNNDdWdzJNREV6cQpoNlNYYStwbWZCNXlmUHh2Zm5wblVsV1NNbFlqZ3MyQ2F1Y0ZyYTFHOFdsdEZwQml3OXc0endjZ3VpTVdTdmVWCkxDWGszK3JKTHFqQWVNNTk3bS95elN1TlJXemlJUGtlMXZIS3JaZThMRlpjbmE4dWxXNGJKcnBXZTJDV2lFTVIKWnZWUjRJd0FFTGNNOHVoTHFMOTdnOVJFYUlkMGh3MENqS1lsUVhCZ2N0VjhLNVV6ckVDVW5PU1VLMGhmYjFyVQp[2026-09-23T05:10:28.901443]SVFdqb2dLT2FNUVBLdkNpZjQ5eHNPbUFYM3YzK2p2OXU5L3pYaW5kV1M0Vm9DN1VTN21TRDVKTEdaKzM2S1FOCkx0QUdCd3BLVDNGNHo0dWZ0RjZTcDNFNUFnTUJBQUdqV1RCWE1BNEdBMVVkRHdFQi93UUVBd0lDcERBUEJnTlYKSFJNQkFmOEVCVEFEQVFIL01CMEdBMVVkRGdRV0JCVDQwcU1OVStXRnpmSTNDaEhQeUFEanBYWk95VEFWQmdOVgpIUkVFRGpBTWdncHJkV0psY201bGRHVnpNQTBHQ1NxR1NJYjNEUUVCQ3dVQUE0SUJBUUE1eUpqSWk4Lys2NjhnClZqUjZtbzM1MUVUNmQ4YlJadGM4WitmT0JZQTF3SExjc0J0OGdWTGNRN24wUzM2L2hpMTk3b2I4VkU5ajhPbTIKanRxVkZ3RXVJU3lMaVhZWDJOTVJqRFJ0VHhPbDFCdVV4WGxGTHBiWEVDYllFRG1ya0pVdGl3K3lyZmJkOFNncApmRVhuYi9ic2dMMzNZRDZGMy9sNzl3QU9nSU9ZZ2RDc3dLV2tidk5FRmkyb08yVWR2TXV2V2d5Ylo2bXBpT0p6CktTOEVjYVJWb1E2Qlgrc3JYc24reG5nWVF3NThGYXE1K2ZwQmtpNzJkTmFvRmpmL2NzcG9xRkQraVVVMkFsYlAKZWJGb252VlAyTUY4cTlVeGRZd0U2QVA3OHkrR3ZnenhWL0FIRVR2VEhpLy9QSnN1eWhsMGhrcWJuNkMyRjhHOApESkFXOHE4UAotLS0tLUVORCBDRVJUSUZJQ0FURS0tLS0tCg==","cidr":"172.20.0.0/16"},"containerd":{},"instance":{"localStorage":{},"storage":{},"network":{}},"kubelet":{"config":{"clusterDNS":["172.20.0.10"]},"flags":["--node[2026-09-23T05:10:28.901472]-labels=eks.amazonaws.com/sourceLaunchTemplateVersion=1,eks.amazonaws.com/nodegroup-image=ami-083aa8c95c0697b7f,eks.amazonaws.com/capacityType=ON_DEMAND,eks.amazonaws.com/nodegroup=observability-3fc60586a1dc79eb0fbab9f761,eks.amazonaws.com/sourceLaunchTemplateId=lt-003abce13f35ca42a"]}},"status":{"instance":{"id":"i-07d202ba4944df11f","region":"ap-south-1","type":"t3.medium","availabilityZone":"ap-south-1b","mac":"0a:ff:e8:5a:45:d5","privateDnsName":"ip-10-0-2-130.ap-south-1.compute.internal"},"default":{"sandboxImage":"localhost/kubernetes/pause:latest"},"kubeletVersion":"v1.36.4"}}}
[    5.752919] nodeadm[1998]: info init/init.go:91 Validating configuration..
[    5.754192] nodeadm[1998]: info init/init.go:96 Creating daemon manager..
[    5.755387] nodeadm[1998]: info init/init.go:120 Setting up system config aspects...
[    5.756684] nodeadm[1998]: info init/init.go:253 Setting up system aspect.. {"name": "instance-environment"}
[    5.758305] nodeadm[1998]: info system/environment.go:75 No environment variables to configure
[    5.759806] nodeadm[1998]: info init/init.go:257 Set up system aspect {"name": "instance-environment"}
[    5.761363] nodeadm[1998]: info init/init.go:253 Setting up system aspect.. {"name": "resolve"}
[    5.762856] nodeadm[1998]: info init/init.go:257 Set up system aspect {"name": "resolve"}
[    5.764314] nodeadm[1998]: info init/init.go:129 Configuring daemons...
[    5.765470] nodeadm[1998]: info init/init.go:218 Configuring daemon... {"name": "containerd"}
[    5.766939] nodeadm[1998]: info containerd/base_runtime_spec.go:20 Writing containerd base runtime spec... {"path": "/etc/containerd/base-runtime-spec.json"}
[    5.769320] nodeadm[1998]: info containerd/version.go:33 Reading containerd version from file {"path": "/etc/eks/containerd-version.txt"}
[    5.771381] nodeadm[1998]: info containerd/config.go:77 Writing containerd config to file.. {"path": "/etc/containerd/config.toml"}
[    5.773438] nodeadm[1998]: info init/init.go:222 Configured daemon {"name": "containerd"}
[    5.774842] nodeadm[1998]: info init/init.go:218 Configuring daemon... {"name": "kubelet"}
[    5.777482] nodeadm[1998]: info kubelet/config.go:232 Setup IP for node {"ip": "10.0.2.130"}
[    5.782495] nodeadm[1998]: info kubelet/config.go:347 Writing kubelet config to file.. {"path": "/etc/kubernetes/kubelet/config.json"}
[    5.785751] nodeadm[1998]: info kubelet/config.go:372 Writing user kubelet config to drop-in file.. {"path": "/etc/kubernetes/kubelet/config.json.d/40-nodeadm.conf"}
[    5.790898] nodeadm[1998]: info init/init.go:222 Configured daemon {"name": "kubelet"}
[    5.792400] nodeadm[1998]: info init/init.go:157 done! {"duration": 0.254328192}
[    6.322127] cloud-init[2006]: Cloud-init v. 22.2.2 running 'init' at Wed, 23 Sep 2026 05:10:27 +0000. Up 6.28 seconds.
[    6.371947] cloud-init[2006]: ci-info: ++++++++++++++++++++++++++++++++++++++Net device info+++++++++++++++++++++++++++++++++++++++
[    6.374359] cloud-init[2006]: ci-info: +--------+------+-----------------------------+---------------+--------+-------------------+
[    6.376595] cloud-init[2006]: ci-info: | Device |  Up  |           Address           |      Mask     | Scope  |     Hw-Address    |
[    6.378856] cloud-init[2006]: ci-info: +--------+------+-----------------------------+---------------+--------+-------------------+
[    6.381083] cloud-init[2006]: ci-info: |  ens5  | True |          10.0.2.130         | 255.255.255.0 | global | 0a:ff:e8:5a:45:d5 |
[    6.383380] cloud-init[2006]: ci-info: |  ens5  | True | fe80::8ff:e8ff:fe5a:45d5/64 |       .       |  link  | 0a:ff:e8:5a:45:d5 |
[    6.385641] cloud-init[2006]: ci-info: |   lo   | True |          127.0.0.1          |   255.0.0.0   |  host  |         .         |
[    6.387695] cloud-init[2006]: ci-info: |   lo   | True |           ::1/128           |       .       |  host  |         .         |
[    6.389748] cloud-init[2006]: ci-info: +--------+------+-----------------------------+---------------+--------+-------------------+
[    6.391747] cloud-init[2006]: ci-info: ++++++++++++++++++++++++++++Route IPv4 info+++++++++++++++++++++++++++++
[    6.393548] cloud-init[2006]: ci-info: +-------+-------------+----------+-----------------+-----------+-------+
[    6.395340] cloud-init[2006]: ci-info: | Route | Destination | Gateway  |     Genmask     | Interface | Flags |
[    6.397095] cloud-init[2006]: ci-info: +-------+-------------+----------+-----------------+-----------+-------+
[    6.398875] cloud-init[2006]: ci-info: |   0   |   0.0.0.0   | 10.0.2.1 |     0.0.0.0     |    ens5   |   UG  |
[    6.400830] cloud-init[2006]: ci-info: |   1   |   10.0.0.2  | 10.0.2.1 | 255.255.255.255 |    ens5   |  UGH  |
[    6.402708] cloud-init[2006]: ci-info: |   2   |   10.0.2.0  | 0.0.0.0  |  255.255.255.0  |    ens5   |   U   |
[    6.404520] cloud-init[2006]: ci-info: |   3   |   10.0.2.1  | 0.0.0.0  | 255.255.255.255 |    ens5   |   UH  |
[    6.406329] cloud-init[2006]: ci-info: +-------+-------------+----------+-----------------+-----------+-------+
[    6.408250] cloud-init[2006]: ci-info: +++++++++++++++++++Route IPv6 info+++++++++++++++++++
[    6.409793] cloud-init[2006]: ci-info: +-------+-------------+---------+-----------+-------+
[    6.411316] cloud-init[2006]: ci-info: | Route | Destination | Gateway | Interface | Flags |
[    6.412802] cloud-init[2006]: ci-info: +-------+-------------+---------+-----------+-------+
[    6.414328] cloud-init[2006]: ci-info: |   0   |  fe80::/64  |    ::   |    ens5   |   U   |
[    6.415811] cloud-init[2006]: ci-info: |   2   |    local    |    ::   |    ens5   |   U   |
[    6.417364] cloud-init[2006]: ci-info: |   3   |  multicast  |    ::   |    ens5   |   U   |
[    6.418852] cloud-init[2006]: ci-info: +-------+-------------+---------+-----------+-------+
[    6.712203] cloud-init[2006]: 2026-09-23 05:10:27,925 - __init__.py[WARNING]: Unhandled unknown content-type (application/node.eks.aws) userdata: 'b'---'...'
[    7.093021] cloud-init[2006]: Generating public/private ed25519 key pair.
[    7.094675] cloud-init[2006]: Your identification has been saved in /etc/ssh/ssh_host_ed25519_key
[    7.096436] cloud-init[2006]: Your public key has been saved in /etc/ssh/ssh_host_ed25519_key.pub
[    7.098176] cloud-init[2006]: The key fingerprint is:
[    7.099221] cloud-init[2006]: SHA256:qRff6xrhNnqRnL09rXC0wkxIaXMZqaAToO/mYm8E/90 root@ip-10-0-2-130.ap-south-1.compute.internal
[    7.101424] cloud-init[2006]: The key's randomart image is:
[    7.102551] cloud-init[2006]: +--[ED25519 256]--+
[    7.103539] cloud-init[2006]: |    ..      ..   |
[    7.104523] cloud-init[2006]: |   .  . .  ..o   |
[    7.105481] cloud-init[2006]: |  .    o .=.o    |
[    7.106455] cloud-init[2006]: |  ..  o  +.+     |
[    7.107419] cloud-init[2006]: |   o.  .S.o+. .  |
[    7.108393] cloud-init[2006]: |   .o  . +=*.. . |
[    7.109386] cloud-init[2006]: |   .o.....*.*oo. |
[    7.110443] cloud-init[2006]: |  oo. ...oEo.=o .|
[    7.111425] cloud-init[2006]: | . +o   ...oo .o |
[    7.112411] cloud-init[2006]: +----[SHA256]-----+
[    7.113390] cloud-init[2006]: Generating public/private ecdsa key pair.
[    7.114719] cloud-init[2006]: Your identification has been saved in /etc/ssh/ssh_host_ecdsa_key
[    7.116395] cloud-init[2006]: Your public key has been saved in /etc/ssh/ssh_host_ecdsa_key.pub
[    7.118088] cloud-init[2006]: The key fingerprint is:
[    7.119132] cloud-init[2006]: SHA256:dqVFTzmB+3X8Jk0u8rGKxUHTSH8fc/DuC80IJE/PZEE root@ip-10-0-2-130.ap-south-1.compute.internal
[    7.121311] cloud-init[2006]: The key's randomart image is:
[    7.122426] cloud-init[2006]: +---[ECDSA 256]---+
[    7.123406] cloud-init[2006]: |            +E+o |
[    7.124420] cloud-init[2006]: |           o.*+o |
[    7.125397] cloud-init[2006]: |         . o*++=+|
[    7.126349] cloud-init[2006]: |          ==*. oX|
[    7.127280] cloud-init[2006]: |        S oo.+ ==|
[    7.128164] cloud-init[2006]: |       . . .o.O.=|
[    7.129050] cloud-init[2006]: |            o= O.|
[    7.129974] cloud-init[2006]: |           o  + .|
[    7.130967] cloud-init[2006]: |          . .. . |
[    7.131919] cloud-init[2006]: +----[SHA256]-----+
[    7.630224] cloud-init[2084]: Cloud-init v. 22.2.2 running 'modules:config' at Wed, 23 Sep 2026 05:10:28 +0000. Up 7.54 seconds.
[    8.029383] cloud-init[2093]: Cloud-init v. 22.2.2 running 'modules:final' at Wed, 23 Sep 2026 05:10:29 +0000. Up 7.97 seconds.
ci-info: no authorized SSH keys fingerprints found for user ec2-user.
<14>Sep 23 05:10:29 cloud-init: #############################################################
<14>Sep 23 05:10:29 cloud-init: -----BEGIN SSH HOST KEY FINGERPRINTS-----
<14>Sep 23 05:10:29 cloud-init: 256 SHA256:dqVFTzmB+3X8Jk0u8rGKxUHTSH8fc/DuC80IJE/PZEE root@ip-10-0-2-130.ap-south-1.compute.internal (ECDSA)
<14>Sep 23 05:10:29 cloud-init: 256 SHA256:qRff6xrhNnqRnL09rXC0wkxIaXMZqaAToO/mYm8E/90 root@ip-10-0-2-130.ap-south-1.compute.internal (ED25519)
<14>Sep 23 05:10:29 cloud-init: -----END SSH HOST KEY FINGERPRINTS-----
<14>Sep 23 05:10:29 cloud-init: #############################################################
-----BEGIN SSH HOST KEY KEYS-----
ecdsa-sha2-nistp256 AAAAE2VjZHNhLXNoYTItbmlzdHAyNTYAAAAIbmlzdHAyNTYAAABBBFtmxuIcLcViFaMYnB6xh9E3HHHK2fSf6NQmwU4Grt+EhluTxTIS5KvELXhzWLQtlvaL9nypa+Al9O6P9JNNmbk= root@ip-10-0-2-130.ap-south-1.compute.internal
ssh-ed25519 AAAAC3NzaC1lZDI1NTE5AAAAIJqJ3Z+6Liq+kewQ9fIDyAbDhZ9zLEXRG9slX4R19j7f root@ip-10-0-2-130.ap-south-1.compute.internal
-----END SSH HOST KEY KEYS-----
[    8.161198] cloud-init[2093]: Cloud-init v. 22.2.2 finished at Wed, 23 Sep 2026 05:10:29 +0000. Datasource DataSourceEc2.  Up 8.15 seconds
[    8.263859] nodeadm[2106]: info init/init.go:55 Checking user is root..
[    8.265562] nodeadm[2106]: info init/init.go:65 Loading configuration.. {"configSource": ["imds://user-data", "file:///etc/eks/nodeadm.d/"], "configCache": "/run/eks/nodeadm/config.json"}
[    8.276448] nodeadm[2106]: warn configprovider/chain.go:30 Encountered error in config provider {"error": "no config found in directory"}
[    8.279192] nodeadm[2106]: info init/init.go:75 Setting up nodeadm environment aspect...
[    8.280912] nodeadm[2106]: info init/init.go:89 Loaded configuration {"config": {"metadata":{},"spec":{"cluster":{"name":"eks-observability","apiServerEndpoint":"https://2A074D11EA54A6B63A7C2EEFA86912A5.gr7.ap-south-1.eks.amazonaws.com","certificateAuthority":"LS0tLS1CRUdJTiBDRVJUSUZJQ0FURS0tLS0tCk1JSURNakNDQWhxZ0F3SUJBZ0lSQU1hMTBiZEJkZ0cwZjJ4SFp3bDIwa0F3RFFZSktvWklodmNOQVFFTEJRQXcKSnpFUU1BNEdBMVVFQ2hNSFFWZFRJRVZMVXpFVE1CRUdBMVVFQXhNS2EzVmlaWEp1WlhSbGN6QWVGdzB5TmpBNQpNak13TkRFNE16TmFGdzB6TVRBNU1qSXdOREU0TXpOYU1DY3hFREFPQmdOVkJBb1RCMEZYVXlCRlMxTXhFekFSCkJnTlZCQU1UQ210MVltVnlibVYwWlhNd2dnRWlNQTBHQ1NxR1NJYjNEUUVCQVFVQUE0SUJEd0F3Z2dFS0FvSUIKQVFEVUFvckFnc0c2bmo0SGpJMVlpQmlPUllkTG9aeW51Mk5nT21hNkhQNkp5M0hZQkNuRjFNNDdWdzJNREV6cQpoNlNYYStwbWZCNXlmUHh2Zm5wblVsV1NNbFlqZ3MyQ2F1Y0ZyYTFHOFdsdEZwQml3OXc0endjZ3VpTVdTdmVWCkxDWGszK3JKTHFqQWVNNTk3bS95elN1TlJXemlJUGtlMXZIS3JaZThMRlpjbmE4dWxXNGJKcnBXZTJDV2lFTVIKWnZWUjRJd0FFTGNNOHVoTHFMOTdnOVJFYUlkMGh3MENqS1lsUVhCZ2N0VjhLNVV6ckVDVW5PU1VLMGhmYjFyVQp[2026-09-23T05:10:31.401502]SVFdqb2dLT2FNUVBLdkNpZjQ5eHNPbUFYM3YzK2p2OXU5L3pYaW5kV1M0Vm9DN1VTN21TRDVKTEdaKzM2S1FOCkx0QUdCd3BLVDNGNHo0dWZ0RjZTcDNFNUFnTUJBQUdqV1RCWE1BNEdBMVVkRHdFQi93UUVBd0lDcERBUEJnTlYKSFJNQkFmOEVCVEFEQVFIL01CMEdBMVVkRGdRV0JCVDQwcU1OVStXRnpmSTNDaEhQeUFEanBYWk95VEFWQmdOVgpIUkVFRGpBTWdncHJkV0psY201bGRHVnpNQTBHQ1NxR1NJYjNEUUVCQ3dVQUE0SUJBUUE1eUpqSWk4Lys2NjhnClZqUjZtbzM1MUVUNmQ4YlJadGM4WitmT0JZQTF3SExjc0J0OGdWTGNRN24wUzM2L2hpMTk3b2I4VkU5ajhPbTIKanRxVkZ3RXVJU3lMaVhZWDJOTVJqRFJ0VHhPbDFCdVV4WGxGTHBiWEVDYllFRG1ya0pVdGl3K3lyZmJkOFNncApmRVhuYi9ic2dMMzNZRDZGMy9sNzl3QU9nSU9ZZ2RDc3dLV2tidk5FRmkyb08yVWR2TXV2V2d5Ylo2bXBpT0p6CktTOEVjYVJWb1E2Qlgrc3JYc24reG5nWVF3NThGYXE1K2ZwQmtpNzJkTmFvRmpmL2NzcG9xRkQraVVVMkFsYlAKZWJGb252VlAyTUY4cTlVeGRZd0U2QVA3OHkrR3ZnenhWL0FIRVR2VEhpLy9QSnN1eWhsMGhrcWJuNkMyRjhHOApESkFXOHE4UAotLS0tLUVORCBDRVJUSUZJQ0FURS0tLS0tCg==","cidr":"172.20.0.0/16"},"containerd":{},"instance":{"localStorage":{},"storage":{},"network":{}},"kubelet":{"config":{"clusterDNS":["172.20.0.10"]},"flags":["--node[2026-09-23T05:10:31.401528]-labels=eks.amazonaws.com/sourceLaunchTemplateVersion=1,eks.amazonaws.com/nodegroup-image=ami-083aa8c95c0697b7f,eks.amazonaws.com/capacityType=ON_DEMAND,eks.amazonaws.com/nodegroup=observability-3fc60586a1dc79eb0fbab9f761,eks.amazonaws.com/sourceLaunchTemplateId=lt-003abce13f35ca42a"]}},"status":{"instance":{"id":"i-07d202ba4944df11f","region":"ap-south-1","type":"t3.medium","availabilityZone":"ap-south-1b","mac":"0a:ff:e8:5a:45:d5","privateDnsName":"ip-10-0-2-130.ap-south-1.compute.internal"},"default":{"sandboxImage":"localhost/kubernetes/pause:latest"},"kubeletVersion":"v1.36.4"}}}
[    8.317850] nodeadm[2106]: info init/init.go:91 Validating configuration..
[    8.319089] nodeadm[2106]: info init/init.go:96 Creating daemon manager..
[    8.321270] nodeadm[2106]: info init/init.go:141 Setting up system run aspects...
[    8.322638] nodeadm[2106]: info init/init.go:253 Setting up system aspect.. {"name": "marker"}
[    8.324095] nodeadm[2106]: info init/init.go:257 Set up system aspect {"name": "marker"}
[    8.325551] nodeadm[2106]: info init/init.go:253 Setting up system aspect.. {"name": "ebs-storage"}
[    8.327416] nodeadm[2106]: info system/ebs_storage.go:27 No EBS storage volumes configured
[    8.329044] nodeadm[2106]: info init/init.go:257 Set up system aspect {"name": "ebs-storage"}
[    8.330677] nodeadm[2106]: info init/init.go:253 Setting up system aspect.. {"name": "local-disk"}
[    8.332177] nodeadm[2106]: info system/local_disk.go:24 Not configuring local disks!
[    8.333499] nodeadm[2106]: info init/init.go:257 Set up system aspect {"name": "local-disk"}
[    8.334947] nodeadm[2106]: info init/init.go:151 Running daemons...
[    8.336034] nodeadm[2106]: info init/init.go:234 Ensuring daemon is running.. {"name": "containerd"}
[    8.981604] nodeadm[2106]: info init/init.go:238 Daemon is running {"name": "containerd"}
[    8.983622] nodeadm[2106]: info init/init.go:240 Running post-launch tasks.. {"name": "containerd"}
[    8.985220] nodeadm[2106]: info init/init.go:244 Finished post-launch tasks {"name": "containerd"}
[    8.986780] nodeadm[2106]: info init/init.go:234 Ensuring daemon is running.. {"name": "kubelet"}
[    9.241885] nodeadm[2106]: info init/init.go:238 Daemon is running {"name": "kubelet"}
[    9.245104] nodeadm[2106]: info init/init.go:240 Running post-launch tasks.. {"name": "kubelet"}
[    9.246965] nodeadm[2106]: info init/init.go:244 Finished post-launch tasks {"name": "kubelet"}
[    9.248734] nodeadm[2106]: info init/init.go:157 done! {"duration": 0.978129304}

Amazon Linux 2023.12.20260914
Kernel 6.18.48-107.148.amzn2023.x86_64 on an x86_64 (-)

ip-10-0-2-130 login: 2026/09/23 05:14:47Z: SSM Agent unable to acquire credentials: <error>unexpected error getting instance profile role credentials or calling UpdateInstanceInformation. Skipping default host management fallback: retrieved credentials failed to report to ssm. Error: RequestError: send request failed
caused by: Post "https://ssm.ap-south-1.amazonaws.com/": dial tcp 13.200.90.133:443: i/o timeout</error>
	2026-09-23T06:25:16+00:00
